League ID: 1323
Test sample: 50 matches
2025-05-25 1:2 Pred:AWAY Actual:AWAY Prob:(31.2/27.9/40.9) Conf:0.5061
2025-05-25 0:2 Pred:AWAY Actual:AWAY Prob:(35.0/28.1/36.9) Conf:0.5030
2025-05-25 1:3 Pred:HOME Actual:AWAY Prob:(39.5/28.0/32.5) Conf:0.5045
2025-05-25 1:1 Pred:HOME Actual:DRAW Prob:(40.2/28.0/31.9) Conf:0.5052
2025-05-25 0:1 Pred:HOME Actual:AWAY Prob:(43.4/27.6/29.0) Conf:0.5100
2025-05-25 0:1 Pred:HOME Actual:AWAY Prob:(37.3/28.1/34.6) Conf:0.5031
2025-05-25 1:4 Pred:HOME Actual:AWAY Prob:(37.9/28.1/34.0) Conf:0.5034
2025-05-25 1:1 Pred:HOME Actual:DRAW Prob:(41.0/27.9/31.1) Conf:0.5062
2025-05-25 2:0 Pred:HOME Actual:HOME Prob:(47.9/26.9/25.3) Conf:0.5207
2025-05-25 2:0 Pred:AWAY Actual:HOME Prob:(33.5/28.1/38.4) Conf:0.5037
2025-05-20 4:2 Pred:HOME Actual:HOME Prob:(45.9/27.2/26.9) Conf:0.5153
2025-05-20 3:1 Pred:HOME Actual:HOME Prob:(43.1/27.7/29.2) Conf:0.5095
2025-05-19 3:2 Pred:HOME Actual:HOME Prob:(40.2/28.0/31.8) Conf:0.5053
2025-05-18 1:0 Pred:HOME Actual:HOME Prob:(38.8/28.1/33.1) Conf:0.5040
2025-05-18 2:3 Pred:HOME Actual:AWAY Prob:(42.7/27.7/29.5) Conf:0.5089
2025-05-18 2:0 Pred:HOME Actual:HOME Prob:(40.0/28.0/32.0) Conf:0.5051
2025-05-18 1:2 Pred:HOME Actual:AWAY Prob:(37.9/28.1/34.0) Conf:0.5034
2025-05-18 2:0 Pred:HOME Actual:HOME Prob:(48.3/26.8/24.9) Conf:0.5219
2025-05-16 1:0 Pred:HOME Actual:HOME Prob:(45.5/27.3/27.2) Conf:0.5145
2025-05-16 2:0 Pred:HOME Actual:HOME Prob:(50.6/26.3/23.1) Conf:0.5293
2025-05-11 2:2 Pred:HOME Actual:DRAW Prob:(42.5/27.7/29.8) Conf:0.5084
2025-05-11 0:2 Pred:AWAY Actual:AWAY Prob:(34.2/28.1/37.7) Conf:0.5033
2025-05-11 0:2 Pred:HOME Actual:AWAY Prob:(45.4/27.3/27.3) Conf:0.5143
2025-05-11 2:2 Pred:HOME Actual:DRAW Prob:(49.4/26.5/24.0) Conf:0.5253
2025-05-11 2:0 Pred:HOME Actual:HOME Prob:(42.0/27.8/30.2) Conf:0.5076
2025-05-10 0:1 Pred:HOME Actual:AWAY Prob:(37.4/28.1/34.5) Conf:0.5031
2025-05-10 0:0 Pred:AWAY Actual:DRAW Prob:(27.9/27.4/44.6) Conf:0.5125
2025-05-10 1:3 Pred:HOME Actual:AWAY Prob:(42.4/27.8/29.9) Conf:0.5082
2025-05-10 0:1 Pred:AWAY Actual:AWAY Prob:(35.0/28.1/36.9) Conf:0.5030
2025-05-10 0:2 Pred:HOME Actual:AWAY Prob:(39.7/28.0/32.3) Conf:0.5048
2025-05-05 1:1 Pred:HOME Actual:DRAW Prob:(45.4/27.3/27.3) Conf:0.5141
2025-05-04 3:1 Pred:HOME Actual:HOME Prob:(38.9/28.1/33.0) Conf:0.5041
2025-05-04 1:1 Pred:HOME Actual:DRAW Prob:(37.7/28.1/34.2) Conf:0.5033
2025-05-04 4:3 Pred:HOME Actual:HOME Prob:(38.1/28.1/33.8) Conf:0.5035
2025-05-04 1:1 Pred:HOME Actual:DRAW Prob:(37.5/28.1/34.4) Conf:0.5032
2025-05-03 1:2 Pred:HOME Actual:AWAY Prob:(43.9/27.6/28.6) Conf:0.5109
2025-05-03 2:0 Pred:HOME Actual:HOME Prob:(39.6/28.0/32.4) Conf:0.5046
2025-05-03 2:2 Pred:HOME Actual:DRAW Prob:(45.1/27.4/27.6) Conf:0.5135
2025-05-03 1:0 Pred:HOME Actual:HOME Prob:(46.3/27.2/26.5) Conf:0.5165
2025-05-02 1:0 Pred:HOME Actual:HOME Prob:(42.6/27.7/29.7) Conf:0.5087
2025-05-01 0:2 Pred:HOME Actual:AWAY Prob:(45.7/27.3/27.0) Conf:0.5150
2025-04-27 5:1 Pred:HOME Actual:HOME Prob:(48.7/26.7/24.6) Conf:0.5231
2025-04-27 1:1 Pred:HOME Actual:DRAW Prob:(43.3/27.6/29.1) Conf:0.5098
2025-04-26 3:0 Pred:HOME Actual:HOME Prob:(53.4/25.5/21.0) Conf:0.5397
2025-04-26 3:2 Pred:HOME Actual:HOME Prob:(46.6/27.1/26.3) Conf:0.5171
2025-04-26 3:0 Pred:HOME Actual:HOME Prob:(52.8/25.7/21.5) Conf:0.5371
2025-04-26 1:2 Pred:AWAY Actual:AWAY Prob:(33.1/28.1/38.9) Conf:0.5040
2025-04-26 1:0 Pred:HOME Actual:HOME Prob:(45.8/27.3/27.0) Conf:0.5151
2025-04-23 2:2 Pred:HOME Actual:DRAW Prob:(41.6/27.8/30.6) Conf:0.5070
2025-04-22 2:1 Pred:HOME Actual:HOME Prob:(38.4/28.1/33.6) Conf:0.5036

=== RESULTS ===
Total matches: 50
With sufficient data: 50
Without data (history < 5): 0
Accuracy: 52.0% (26/50)
